[0.006s][info][gc] Using Serial
[247.703s][info][gc] GC(0) Pause Young (Allocation Failure) 4M->2M(15M) 6.504ms
[247.736s][info][gc] GC(1) Pause Young (Allocation Failure) 6M->6M(15M) 5.792ms
[247.752s][info][gc] GC(2) Pause Young (Allocation Failure) 10M->10M(15M) 0.015ms
[247.765s][info][gc] GC(3) Pause Full (Allocation Failure) 10M->9M(15M) 12.290ms
[247.776s][info][gc] GC(4) Pause Young (Allocation Failure) 13M->13M(15M) 0.019ms
[247.788s][info][gc] GC(5) Pause Full (Allocation Failure) 13M->12M(15M) 12.184ms
[247.811s][info][gc] GC(6) Pause Full (Allocation Failure) 15M->14M(15M) 14.013ms
[247.828s][info][gc] GC(7) Pause Full (Allocation Failure) 15M->14M(15M) 13.786ms
[247.844s][info][gc] GC(8) Pause Full (Allocation Failure) 15M->15M(15M) 12.173ms
[247.856s][info][gc] GC(9) Pause Full (Allocation Failure) 15M->15M(15M) 11.788ms
[247.868s][info][gc] GC(10) Pause Full (Allocation Failure) 15M->15M(15M) 11.572ms
[247.880s][info][gc] GC(11) Pause Full (Allocation Failure) 15M->15M(15M) 12.020ms
[247.892s][info][gc] GC(12) Pause Full (Allocation Failure) 15M->15M(15M) 11.544ms
[247.904s][info][gc] GC(13) Pause Full (Allocation Failure) 15M->15M(15M) 11.125ms
[247.915s][info][gc] GC(14) Pause Full (Allocation Failure) 15M->15M(15M) 10.970ms
[247.927s][info][gc] GC(15) Pause Full (Allocation Failure) 15M->15M(15M) 10.921ms
[247.938s][info][gc] GC(16) Pause Full (Allocation Failure) 15M->15M(15M) 11.635ms
[247.950s][info][gc] GC(17) Pause Full (Allocation Failure) 15M->15M(15M) 11.697ms
[247.962s][info][gc] GC(18) Pause Full (Allocation Failure) 15M->15M(15M) 11.586ms
[247.974s][info][gc] GC(19) Pause Full (Allocation Failure) 15M->15M(15M) 11.601ms
[247.986s][info][gc] GC(20) Pause Full (Allocation Failure) 15M->15M(15M) 11.552ms
[247.997s][info][gc] GC(21) Pause Full (Allocation Failure) 15M->15M(15M) 11.548ms
[248.010s][info][gc] GC(22) Pause Full (Allocation Failure) 15M->15M(15M) 12.275ms
[248.022s][info][gc] GC(23) Pause Full (Allocation Failure) 15M->15M(15M) 11.847ms
[248.034s][info][gc] GC(24) Pause Full (Allocation Failure) 15M->15M(15M) 11.676ms
[248.046s][info][gc] GC(25) Pause Full (Allocation Failure) 15M->15M(15M) 11.548ms
[248.058s][info][gc] GC(26) Pause Full (Allocation Failure) 15M->15M(15M) 11.503ms
[248.070s][info][gc] GC(27) Pause Full (Allocation Failure) 15M->15M(15M) 11.484ms
[248.081s][info][gc] GC(28) Pause Full (Allocation Failure) 15M->15M(15M) 11.485ms
[248.093s][info][gc] GC(29) Pause Full (Allocation Failure) 15M->15M(15M) 11.367ms
[248.104s][info][gc] GC(30) Pause Full (Allocation Failure) 15M->15M(15M) 11.392ms
[248.117s][info][gc] GC(31) Pause Full (Allocation Failure) 15M->15M(15M) 11.455ms
[248.128s][info][gc] GC(32) Pause Full (Allocation Failure) 15M->15M(15M) 11.397ms
[248.140s][info][gc] GC(33) Pause Full (Allocation Failure) 15M->15M(15M) 11.248ms
[248.151s][info][gc] GC(34) Pause Full (Allocation Failure) 15M->15M(15M) 11.275ms
[248.163s][info][gc] GC(35) Pause Full (Allocation Failure) 15M->15M(15M) 11.287ms
[248.174s][info][gc] GC(36) Pause Full (Allocation Failure) 15M->15M(15M) 11.256ms
[248.185s][info][gc] GC(37) Pause Full (Allocation Failure) 15M->15M(15M) 11.188ms
[248.197s][info][gc] GC(38) Pause Full (Allocation Failure) 15M->15M(15M) 11.138ms
[248.208s][info][gc] GC(39) Pause Full (Allocation Failure) 15M->15M(15M) 11.188ms
[248.219s][info][gc] GC(40) Pause Full (Allocation Failure) 15M->15M(15M) 11.191ms
[248.232s][info][gc] GC(41) Pause Full (Allocation Failure) 15M->15M(15M) 12.691ms
[248.244s][info][gc] GC(42) Pause Full (Allocation Failure) 15M->15M(15M) 11.508ms
[248.256s][info][gc] GC(43) Pause Full (Allocation Failure) 15M->15M(15M) 11.250ms
[248.268s][info][gc] GC(44) Pause Full (Allocation Failure) 15M->15M(15M) 10.987ms
[248.279s][info][gc] GC(45) Pause Full (Allocation Failure) 15M->14M(15M) 10.608ms
[248.293s][info][gc] GC(46) Pause Full (Allocation Failure) 15M->9M(15M) 8.308ms
[248.302s][info][gc] GC(47) Pause Young (Allocation Failure) 14M->14M(15M) 0.015ms
[248.311s][info][gc] GC(48) Pause Full (Allocation Failure) 14M->7M(15M) 8.650ms
[248.318s][info][gc] GC(49) Pause Young (Allocation Failure) 11M->11M(15M) 0.015ms
[248.328s][info][gc] GC(50) Pause Full (Allocation Failure) 11M->11M(15M) 10.414ms
[248.349s][info][gc] GC(51) Pause Full (Allocation Failure) 15M->14M(15M) 12.723ms
[248.364s][info][gc] GC(52) Pause Full (Allocation Failure) 15M->14M(15M) 11.225ms
[248.380s][info][gc] GC(53) Pause Full (Allocation Failure) 15M->14M(15M) 13.258ms
[248.389s][info][gc] GC(54) Pause Full (Allocation Failure) 15M->5M(15M) 5.930ms
[248.398s][info][gc] GC(55) Pause Young (Allocation Failure) 9M->9M(15M) 3.293ms
[248.405s][info][gc] GC(56) Pause Young (Allocation Failure) 14M->14M(15M) 0.013ms
[248.414s][info][gc] GC(57) Pause Full (Allocation Failure) 14M->9M(15M) 9.720ms
[248.421s][info][gc] GC(58) Pause Young (Allocation Failure) 13M->13M(15M) 0.013ms
[248.432s][info][gc] GC(59) Pause Full (Allocation Failure) 13M->13M(15M) 10.610ms
[248.450s][info][gc] GC(60) Pause Full (Allocation Failure) 15M->14M(15M) 13.368ms
[248.465s][info][gc] GC(61) Pause Full (Allocation Failure) 15M->15M(15M) 11.626ms
[248.477s][info][gc] GC(62) Pause Full (Allocation Failure) 15M->15M(15M) 11.438ms
[248.488s][info][gc] GC(63) Pause Full (Allocation Failure) 15M->15M(15M) 11.265ms
[248.500s][info][gc] GC(64) Pause Full (Allocation Failure) 15M->15M(15M) 11.800ms
[248.513s][info][gc] GC(65) Pause Full (Allocation Failure) 15M->15M(15M) 11.473ms
[248.525s][info][gc] GC(66) Pause Full (Allocation Failure) 15M->15M(15M) 11.243ms
[248.536s][info][gc] GC(67) Pause Full (Allocation Failure) 15M->15M(15M) 10.883ms
[248.547s][info][gc] GC(68) Pause Full (Allocation Failure) 15M->15M(15M) 10.812ms
[248.558s][info][gc] GC(69) Pause Full (Allocation Failure) 15M->15M(15M) 10.734ms
[248.569s][info][gc] GC(70) Pause Full (Allocation Failure) 15M->15M(15M) 10.761ms
[248.581s][info][gc] GC(71) Pause Full (Allocation Failure) 15M->15M(15M) 11.169ms
[248.593s][info][gc] GC(72) Pause Full (Allocation Failure) 15M->15M(15M) 11.139ms
[248.605s][info][gc] GC(73) Pause Full (Allocation Failure) 15M->15M(15M) 11.111ms
[248.616s][info][gc] GC(74) Pause Full (Allocation Failure) 15M->15M(15M) 10.992ms
[248.628s][info][gc] GC(75) Pause Full (Allocation Failure) 15M->15M(15M) 10.993ms
[248.639s][info][gc] GC(76) Pause Full (Allocation Failure) 15M->15M(15M) 10.944ms
[248.650s][info][gc] GC(77) Pause Full (Allocation Failure) 15M->15M(15M) 10.862ms
[248.661s][info][gc] GC(78) Pause Full (Allocation Failure) 15M->14M(15M) 10.660ms
[248.668s][info][gc] GC(79) Pause Full (Allocation Failure) 15M->2M(15M) 4.292ms
[248.677s][info][gc] GC(80) Pause Young (Allocation Failure) 7M->6M(15M) 2.662ms
[248.683s][info][gc] GC(81) Pause Young (Allocation Failure) 11M->11M(15M) 0.010ms
[248.692s][info][gc] GC(82) Pause Full (Allocation Failure) 11M->8M(15M) 8.925ms
[248.698s][info][gc] GC(83) Pause Young (Allocation Failure) 13M->13M(15M) 0.011ms
[248.709s][info][gc] GC(84) Pause Full (Allocation Failure) 13M->12M(15M) 10.322ms
[248.726s][info][gc] GC(85) Pause Full (Allocation Failure) 15M->15M(15M) 11.441ms
[248.737s][info][gc] GC(86) Pause Full (Allocation Failure) 15M->15M(15M) 10.451ms
[248.750s][info][gc] GC(87) Pause Full (Allocation Failure) 15M->15M(15M) 13.260ms
[248.763s][info][gc] GC(88) Pause Full (Allocation Failure) 15M->15M(15M) 11.557ms
[248.775s][info][gc] GC(89) Pause Full (Allocation Failure) 15M->15M(15M) 11.316ms
[248.787s][info][gc] GC(90) Pause Full (Allocation Failure) 15M->15M(15M) 11.395ms
[248.799s][info][gc] GC(91) Pause Full (Allocation Failure) 15M->15M(15M) 11.566ms
[248.811s][info][gc] GC(92) Pause Full (Allocation Failure) 15M->14M(15M) 10.899ms
[248.826s][info][gc] GC(93) Pause Full (Allocation Failure) 15M->15M(15M) 11.588ms
[248.839s][info][gc] GC(94) Pause Full (Allocation Failure) 15M->15M(15M) 11.063ms
[248.850s][info][gc] GC(95) Pause Full (Allocation Failure) 15M->15M(15M) 10.725ms
[248.861s][info][gc] GC(96) Pause Full (Allocation Failure) 15M->15M(15M) 10.845ms
[248.871s][info][gc] GC(97) Pause Full (Allocation Failure) 15M->12M(15M) 9.422ms
[248.884s][info][gc] GC(98) Pause Full (Allocation Failure) 15M->5M(15M) 6.161ms
[248.893s][info][gc] GC(99) Pause Young (Allocation Failure) 9M->9M(15M) 3.003ms
[248.899s][info][gc] GC(100) Pause Young (Allocation Failure) 13M->13M(15M) 0.009ms
[248.909s][info][gc] GC(101) Pause Full (Allocation Failure) 13M->8M(15M) 9.982ms
[248.916s][info][gc] GC(102) Pause Young (Allocation Failure) 13M->13M(15M) 0.012ms
[248.926s][info][gc] GC(103) Pause Full (Allocation Failure) 13M->13M(15M) 10.535ms
[248.943s][info][gc] GC(104) Pause Full (Allocation Failure) 15M->15M(15M) 11.328ms
[248.954s][info][gc] GC(105) Pause Full (Allocation Failure) 15M->15M(15M) 10.483ms
[248.967s][info][gc] GC(106) Pause Full (Allocation Failure) 15M->15M(15M) 12.988ms
[248.981s][info][gc] GC(107) Pause Full (Allocation Failure) 15M->15M(15M) 11.638ms
[248.993s][info][gc] GC(108) Pause Full (Allocation Failure) 15M->15M(15M) 11.364ms
[249.005s][info][gc] GC(109) Pause Full (Allocation Failure) 15M->15M(15M) 11.397ms
[249.018s][info][gc] GC(110) Pause Full (Allocation Failure) 15M->15M(15M) 11.871ms
[249.031s][info][gc] GC(111) Pause Full (Allocation Failure) 15M->15M(15M) 11.414ms
[249.042s][info][gc] GC(112) Pause Full (Allocation Failure) 15M->15M(15M) 11.254ms
[249.054s][info][gc] GC(113) Pause Full (Allocation Failure) 15M->15M(15M) 11.255ms
[249.066s][info][gc] GC(114) Pause Full (Allocation Failure) 15M->15M(15M) 11.189ms
[249.078s][info][gc] GC(115) Pause Full (Allocation Failure) 15M->15M(15M) 11.127ms
[249.090s][info][gc] GC(116) Pause Full (Allocation Failure) 15M->15M(15M) 11.096ms
[249.101s][info][gc] GC(117) Pause Full (Allocation Failure) 15M->15M(15M) 10.919ms
[249.113s][info][gc] GC(118) Pause Full (Allocation Failure) 15M->15M(15M) 10.876ms
[249.124s][info][gc] GC(119) Pause Full (Allocation Failure) 15M->12M(15M) 9.418ms
[249.136s][info][gc] GC(120) Pause Full (Allocation Failure) 15M->5M(15M) 6.399ms
[249.146s][info][gc] GC(121) Pause Young (Allocation Failure) 9M->9M(15M) 3.125ms
[249.152s][info][gc] GC(122) Pause Young (Allocation Failure) 13M->13M(15M) 0.012ms
[249.162s][info][gc] GC(123) Pause Full (Allocation Failure) 13M->9M(15M) 9.380ms
[249.168s][info][gc] GC(124) Pause Young (Allocation Failure) 13M->13M(15M) 0.015ms
[249.180s][info][gc] GC(125) Pause Full (Allocation Failure) 13M->12M(15M) 11.839ms
[249.198s][info][gc] GC(126) Pause Full (Allocation Failure) 15M->15M(15M) 11.394ms
[249.208s][info][gc] GC(127) Pause Full (Allocation Failure) 15M->15M(15M) 10.426ms
[249.221s][info][gc] GC(128) Pause Full (Allocation Failure) 15M->15M(15M) 12.259ms
[249.234s][info][gc] GC(129) Pause Full (Allocation Failure) 15M->15M(15M) 11.805ms
[249.247s][info][gc] GC(130) Pause Full (Allocation Failure) 15M->15M(15M) 11.481ms
[249.258s][info][gc] GC(131) Pause Full (Allocation Failure) 15M->15M(15M) 11.389ms
[249.271s][info][gc] GC(132) Pause Full (Allocation Failure) 15M->15M(15M) 11.409ms
[249.282s][info][gc] GC(133) Pause Full (Allocation Failure) 15M->15M(15M) 11.284ms
[249.294s][info][gc] GC(134) Pause Full (Allocation Failure) 15M->15M(15M) 11.382ms
[249.306s][info][gc] GC(135) Pause Full (Allocation Failure) 15M->15M(15M) 11.333ms
[249.318s][info][gc] GC(136) Pause Full (Allocation Failure) 15M->15M(15M) 11.283ms
[249.329s][info][gc] GC(137) Pause Full (Allocation Failure) 15M->15M(15M) 11.204ms
[249.341s][info][gc] GC(138) Pause Full (Allocation Failure) 15M->15M(15M) 11.280ms
[249.352s][info][gc] GC(139) Pause Full (Allocation Failure) 15M->15M(15M) 11.172ms
[249.364s][info][gc] GC(140) Pause Full (Allocation Failure) 15M->15M(15M) 11.146ms
[249.376s][info][gc] GC(141) Pause Full (Allocation Failure) 15M->15M(15M) 11.090ms
[249.387s][info][gc] GC(142) Pause Full (Allocation Failure) 15M->15M(15M) 10.961ms
[249.398s][info][gc] GC(143) Pause Full (Allocation Failure) 15M->15M(15M) 10.925ms
[249.410s][info][gc] GC(144) Pause Full (Allocation Failure) 15M->15M(15M) 11.175ms
[249.421s][info][gc] GC(145) Pause Full (Allocation Failure) 15M->15M(15M) 10.967ms
[249.432s][info][gc] GC(146) Pause Full (Allocation Failure) 15M->15M(15M) 10.910ms
[249.444s][info][gc] GC(147) Pause Full (Allocation Failure) 15M->15M(15M) 10.785ms
[249.451s][info][gc] GC(148) Pause Full (Allocation Failure) 15M->3M(15M) 4.611ms
[249.459s][info][gc] GC(149) Pause Young (Allocation Failure) 7M->7M(15M) 2.715ms
[249.465s][info][gc] GC(150) Pause Young (Allocation Failure) 11M->11M(15M) 0.011ms
[249.475s][info][gc] GC(151) Pause Full (Allocation Failure) 11M->9M(15M) 9.366ms
[249.481s][info][gc] GC(152) Pause Young (Allocation Failure) 13M->13M(15M) 0.017ms
[249.492s][info][gc] GC(153) Pause Full (Allocation Failure) 13M->13M(15M) 10.828ms
[249.510s][info][gc] GC(154) Pause Full (Allocation Failure) 15M->15M(15M) 12.703ms
[249.523s][info][gc] GC(155) Pause Full (Allocation Failure) 15M->15M(15M) 12.531ms
[249.537s][info][gc] GC(156) Pause Full (Allocation Failure) 15M->14M(15M) 13.226ms
[249.552s][info][gc] GC(157) Pause Full (Allocation Failure) 15M->15M(15M) 11.437ms
[249.563s][info][gc] GC(158) Pause Full (Allocation Failure) 15M->15M(15M) 11.228ms
[249.575s][info][gc] GC(159) Pause Full (Allocation Failure) 15M->15M(15M) 11.044ms
[249.588s][info][gc] GC(160) Pause Full (Allocation Failure) 15M->15M(15M) 12.311ms
[249.600s][info][gc] GC(161) Pause Full (Allocation Failure) 15M->15M(15M) 11.093ms
[249.611s][info][gc] GC(162) Pause Full (Allocation Failure) 15M->15M(15M) 10.750ms
[249.623s][info][gc] GC(163) Pause Full (Allocation Failure) 15M->15M(15M) 12.236ms
[249.635s][info][gc] GC(164) Pause Full (Allocation Failure) 15M->15M(15M) 12.211ms
[249.646s][info][gc] GC(165) Pause Full (Allocation Failure) 15M->15M(15M) 10.704ms
[249.659s][info][gc] GC(166) Pause Full (Allocation Failure) 15M->15M(15M) 12.137ms
[249.669s][info][gc] GC(167) Pause Full (Allocation Failure) 15M->15M(15M) 10.723ms
[249.682s][info][gc] GC(168) Pause Full (Allocation Failure) 15M->15M(15M) 12.220ms
[249.693s][info][gc] GC(169) Pause Full (Allocation Failure) 15M->15M(15M) 10.695ms
[249.705s][info][gc] GC(170) Pause Full (Allocation Failure) 15M->15M(15M) 12.117ms
[249.715s][info][gc] GC(171) Pause Full (Allocation Failure) 15M->15M(15M) 10.651ms
[249.728s][info][gc] GC(172) Pause Full (Allocation Failure) 15M->15M(15M) 12.028ms
[249.739s][info][gc] GC(173) Pause Full (Allocation Failure) 15M->15M(15M) 10.793ms
[249.750s][info][gc] GC(174) Pause Full (Allocation Failure) 15M->15M(15M) 10.600ms
[249.762s][info][gc] GC(175) Pause Full (Allocation Failure) 15M->15M(15M) 11.989ms
[249.775s][info][gc] GC(176) Pause Full (Allocation Failure) 15M->15M(15M) 12.126ms
[249.786s][info][gc] GC(177) Pause Full (Allocation Failure) 15M->15M(15M) 10.757ms
[249.797s][info][gc] GC(178) Pause Full (Allocation Failure) 15M->15M(15M) 10.638ms
[249.809s][info][gc] GC(179) Pause Full (Allocation Failure) 15M->15M(15M) 11.916ms
[249.821s][info][gc] GC(180) Pause Full (Allocation Failure) 15M->15M(15M) 11.908ms
[249.832s][info][gc] GC(181) Pause Full (Allocation Failure) 15M->15M(15M) 10.676ms
[249.844s][info][gc] GC(182) Pause Full (Allocation Failure) 15M->15M(15M) 11.783ms
[249.855s][info][gc] GC(183) Pause Full (Allocation Failure) 15M->15M(15M) 10.700ms
[249.867s][info][gc] GC(184) Pause Full (Allocation Failure) 15M->15M(15M) 11.748ms
[249.878s][info][gc] GC(185) Pause Full (Allocation Failure) 15M->15M(15M) 10.611ms
[249.890s][info][gc] GC(186) Pause Full (Allocation Failure) 15M->15M(15M) 11.720ms
[249.903s][info][gc] GC(187) Pause Full (Allocation Failure) 15M->15M(15M) 11.747ms
[249.915s][info][gc] GC(188) Pause Full (Allocation Failure) 15M->15M(15M) 11.947ms
[249.928s][info][gc] GC(189) Pause Full (Allocation Failure) 15M->15M(15M) 11.963ms
[249.940s][info][gc] GC(190) Pause Full (Allocation Failure) 15M->15M(15M) 10.983ms
[249.951s][info][gc] GC(191) Pause Full (Allocation Failure) 15M->15M(15M) 10.993ms
[249.964s][info][gc] GC(192) Pause Full (Allocation Failure) 15M->15M(15M) 11.976ms
[249.975s][info][gc] GC(193) Pause Full (Allocation Failure) 15M->15M(15M) 11.052ms
[249.987s][info][gc] GC(194) Pause Full (Allocation Failure) 15M->15M(15M) 10.957ms
[249.998s][info][gc] GC(195) Pause Full (Allocation Failure) 15M->14M(15M) 10.459ms
[250.007s][info][gc] GC(196) Pause Full (Allocation Failure) 15M->3M(15M) 4.837ms
[250.015s][info][gc] GC(197) Pause Young (Allocation Failure) 7M->7M(15M) 2.727ms
[250.021s][info][gc] GC(198) Pause Young (Allocation Failure) 11M->11M(15M) 0.009ms
[250.030s][info][gc] GC(199) Pause Full (Allocation Failure) 11M->9M(15M) 9.016ms
[250.037s][info][gc] GC(200) Pause Young (Allocation Failure) 13M->13M(15M) 0.012ms
[250.048s][info][gc] GC(201) Pause Full (Allocation Failure) 13M->13M(15M) 11.631ms
[250.065s][info][gc] GC(202) Pause Full (Allocation Failure) 15M->15M(15M) 12.384ms
[250.079s][info][gc] GC(203) Pause Full (Allocation Failure) 15M->14M(15M) 13.074ms
[250.094s][info][gc] GC(204) Pause Full (Allocation Failure) 15M->15M(15M) 11.599ms
[250.106s][info][gc] GC(205) Pause Full (Allocation Failure) 15M->15M(15M) 11.312ms
[250.117s][info][gc] GC(206) Pause Full (Allocation Failure) 15M->15M(15M) 11.303ms
[250.129s][info][gc] GC(207) Pause Full (Allocation Failure) 15M->15M(15M) 11.702ms
[250.141s][info][gc] GC(208) Pause Full (Allocation Failure) 15M->15M(15M) 11.272ms
[250.152s][info][gc] GC(209) Pause Full (Allocation Failure) 15M->15M(15M) 10.777ms
[250.163s][info][gc] GC(210) Pause Full (Allocation Failure) 15M->15M(15M) 10.680ms
[250.174s][info][gc] GC(211) Pause Full (Allocation Failure) 15M->15M(15M) 10.830ms
[250.185s][info][gc] GC(212) Pause Full (Allocation Failure) 15M->15M(15M) 10.784ms
[250.197s][info][gc] GC(213) Pause Full (Allocation Failure) 15M->15M(15M) 11.242ms
[250.208s][info][gc] GC(214) Pause Full (Allocation Failure) 15M->15M(15M) 11.231ms
[250.220s][info][gc] GC(215) Pause Full (Allocation Failure) 15M->15M(15M) 11.159ms
[250.232s][info][gc] GC(216) Pause Full (Allocation Failure) 15M->15M(15M) 11.257ms
[250.243s][info][gc] GC(217) Pause Full (Allocation Failure) 15M->15M(15M) 11.127ms
[250.254s][info][gc] GC(218) Pause Full (Allocation Failure) 15M->15M(15M) 11.064ms
[250.266s][info][gc] GC(219) Pause Full (Allocation Failure) 15M->15M(15M) 11.055ms
[250.277s][info][gc] GC(220) Pause Full (Allocation Failure) 15M->15M(15M) 11.028ms
[250.288s][info][gc] GC(221) Pause Full (Allocation Failure) 15M->15M(15M) 10.948ms
[250.300s][info][gc] GC(222) Pause Full (Allocation Failure) 15M->15M(15M) 11.029ms
[250.311s][info][gc] GC(223) Pause Full (Allocation Failure) 15M->15M(15M) 10.792ms
[250.322s][info][gc] GC(224) Pause Full (Allocation Failure) 15M->15M(15M) 10.708ms
[250.333s][info][gc] GC(225) Pause Full (Allocation Failure) 15M->13M(15M) 9.971ms
[250.343s][info][gc] GC(226) Pause Full (Allocation Failure) 15M->4M(15M) 5.481ms
[250.352s][info][gc] GC(227) Pause Young (Allocation Failure) 8M->8M(15M) 2.858ms
