[0.005s][info][gc] Using The Z Garbage Collector
[0.123s][info][gc] Allocation Stall (main) 6.113ms
[0.123s][info][gc] GC(0) Garbage Collection (Allocation Stall) 20M(100%)->12M(60%)
[0.136s][info][gc] Allocation Stall (main) 4.838ms
[0.138s][info][gc] GC(1) Garbage Collection (Allocation Stall) 20M(100%)->12M(60%)
[0.150s][info][gc] GC(2) Garbage Collection (Warmup) 20M(100%)->8M(40%)
[0.246s][info][gc] GC(3) Garbage Collection (Warmup) 8M(40%)->8M(40%)
[0.346s][info][gc] GC(4) Garbage Collection (Warmup) 8M(40%)->8M(40%)
[1.149s][info][gc] GC(5) Garbage Collection (Allocation Rate) 10M(50%)->10M(50%)
[1.245s][info][gc] GC(6) Garbage Collection (Allocation Rate) 10M(50%)->10M(50%)
[1.347s][info][gc] GC(7) Garbage Collection (Allocation Rate) 10M(50%)->10M(50%)
[1.450s][info][gc] GC(8) Garbage Collection (Allocation Rate) 10M(50%)->10M(50%)
[1.550s][info][gc] GC(9) Garbage Collection (Allocation Rate) 10M(50%)->10M(50%)
[1.648s][info][gc] GC(10) Garbage Collection (Allocation Rate) 10M(50%)->8M(40%)
[1.750s][info][gc] GC(11) Garbage Collection (Allocation Rate) 8M(40%)->8M(40%)
[1.849s][info][gc] GC(12) Garbage Collection (Allocation Rate) 8M(40%)->8M(40%)
[3.549s][info][gc] GC(13) Garbage Collection (Proactive) 10M(50%)->8M(40%)
[48.468s][info][gc] GC(14) Garbage Collection (Allocation Rate) 16M(80%)->12M(60%)
[48.556s][info][gc] Relocation Stall (JFR Periodic Tasks) 0.052ms
[48.556s][info][gc] Allocation Stall (JFR Periodic Tasks) 6.181ms
[48.556s][info][gc] Relocation Stall (main) 0.426ms
[48.556s][info][gc] GC(15) Garbage Collection (Allocation Rate) 20M(100%)->12M(60%)
[48.656s][info][gc] GC(16) Garbage Collection (Allocation Stall) 14M(70%)->12M(60%)
[48.755s][info][gc] GC(17) Garbage Collection (Allocation Rate) 12M(60%)->12M(60%)
[48.855s][info][gc] GC(18) Garbage Collection (Allocation Rate) 12M(60%)->12M(60%)
[48.955s][info][gc] GC(19) Garbage Collection (Allocation Rate) 12M(60%)->12M(60%)
[49.053s][info][gc] GC(20) Garbage Collection (Allocation Rate) 12M(60%)->12M(60%)
[49.154s][info][gc] GC(21) Garbage Collection (Allocation Rate) 12M(60%)->12M(60%)
[49.254s][info][gc] GC(22) Garbage Collection (Allocation Rate) 12M(60%)->12M(60%)
[49.353s][info][gc] GC(23) Garbage Collection (Allocation Rate) 12M(60%)->12M(60%)
[49.453s][info][gc] GC(24) Garbage Collection (Allocation Rate) 12M(60%)->12M(60%)
[49.551s][info][gc] GC(25) Garbage Collection (Allocation Rate) 12M(60%)->10M(50%)
[49.757s][info][gc] GC(26) Garbage Collection (Allocation Rate) 14M(70%)->12M(60%)
[49.855s][info][gc] GC(27) Garbage Collection (Allocation Rate) 12M(60%)->14M(70%)
[49.954s][info][gc] GC(28) Garbage Collection (Allocation Rate) 14M(70%)->14M(70%)
[50.054s][info][gc] GC(29) Garbage Collection (Allocation Rate) 14M(70%)->14M(70%)
[50.154s][info][gc] GC(30) Garbage Collection (Allocation Rate) 14M(70%)->14M(70%)
[50.254s][info][gc] GC(31) Garbage Collection (Allocation Rate) 14M(70%)->12M(60%)
[50.752s][info][gc] GC(32) Garbage Collection (Proactive) 14M(70%)->14M(70%)
[51.055s][info][gc] GC(33) Garbage Collection (Allocation Rate) 14M(70%)->14M(70%)
[51.155s][info][gc] GC(34) Garbage Collection (Allocation Rate) 14M(70%)->14M(70%)
[57.855s][info][gc] GC(35) Garbage Collection (Proactive) 16M(80%)->14M(70%)
[62.856s][info][gc] GC(36) Garbage Collection (Proactive) 16M(80%)->12M(60%)
[73.854s][info][gc] GC(37) Garbage Collection (Proactive) 14M(70%)->14M(70%)
[83.959s][info][gc] GC(38) Garbage Collection (Proactive) 16M(80%)->12M(60%)
[93.960s][info][gc] GC(39) Garbage Collection (Proactive) 14M(70%)->10M(50%)
[95.364s][info][gc] GC(40) Garbage Collection (Proactive) 12M(60%)->10M(50%)
[96.682s][info][gc] GC(41) Garbage Collection (Proactive) 12M(60%)->10M(50%)
[99.870s][info][gc] GC(42) Garbage Collection (Proactive) 14M(70%)->10M(50%)
[102.889s][info][gc] GC(43) Garbage Collection (Proactive) 12M(60%)->10M(50%)
[106.686s][info][gc] GC(44) Garbage Collection (Proactive) 12M(60%)->10M(50%)
[110.057s][info][gc] GC(45) Garbage Collection (Proactive) 12M(60%)->10M(50%)
[113.171s][info][gc] GC(46) Garbage Collection (Proactive) 12M(60%)->10M(50%)
[115.578s][info][gc] GC(47) Garbage Collection (Proactive) 12M(60%)->10M(50%)
[117.956s][info][gc] GC(48) Garbage Collection (Proactive) 14M(70%)->14M(70%)
[129.056s][info][gc] GC(49) Garbage Collection (Proactive) 16M(80%)->14M(70%)
[140.157s][info][gc] GC(50) Garbage Collection (Proactive) 16M(80%)->12M(60%)
[152.159s][info][gc] GC(51) Garbage Collection (Proactive) 14M(70%)->12M(60%)
[153.251s][info][gc] GC(52) Garbage Collection (Proactive) 14M(70%)->12M(60%)
[154.153s][info][gc] GC(53) Garbage Collection (Proactive) 14M(70%)->14M(70%)
[168.278s][info][gc] GC(54) Garbage Collection (Proactive) 16M(80%)->14M(70%)
[180.264s][info][gc] GC(55) Garbage Collection (Proactive) 16M(80%)->14M(70%)
[192.361s][info][gc] GC(56) Garbage Collection (Proactive) 16M(80%)->10M(50%)
[194.189s][info][gc] GC(57) Garbage Collection (Proactive) 12M(60%)->10M(50%)
[198.193s][info][gc] GC(58) Garbage Collection (Proactive) 12M(60%)->10M(50%)
[202.755s][info][gc] GC(59) Garbage Collection (Proactive) 14M(70%)->14M(70%)
[214.381s][info][gc] GC(60) Garbage Collection (Allocation Rate) 16M(80%)->12M(60%)
[219.379s][info][gc] Allocation Stall (main) 26.304ms
[219.379s][info][gc] GC(61) Garbage Collection (Allocation Rate) 16M(80%)->20M(100%)
[219.379s][info][gc] Allocation Stall (RMI TCP Connection(3)-127.0.0.1) 23.285ms
[219.398s][info][gc] Allocation Stall (main) 14.373ms
[219.398s][info][gc] GC(62) Garbage Collection (Allocation Stall) 20M(100%)->16M(80%)
[219.398s][info][gc] Allocation Stall (RMI TCP Connection(3)-127.0.0.1) 6.007ms
[219.417s][info][gc] Allocation Stall (main) 12.621ms
[219.418s][info][gc] GC(63) Garbage Collection (Allocation Stall) 20M(100%)->14M(70%)
[219.434s][info][gc] GC(64) Garbage Collection (Allocation Stall) 20M(100%)->16M(80%)
[219.434s][info][gc] Allocation Stall (main) 10.418ms
[219.456s][info][gc] GC(65) Garbage Collection (Allocation Rate) 20M(100%)->8M(40%)
[219.559s][info][gc] GC(66) Garbage Collection (Allocation Rate) 8M(40%)->8M(40%)
[219.663s][info][gc] GC(67) Garbage Collection (Allocation Rate) 8M(40%)->8M(40%)
[219.768s][info][gc] GC(68) Garbage Collection (Allocation Rate) 8M(40%)->8M(40%)
[219.870s][info][gc] GC(69) Garbage Collection (Allocation Rate) 8M(40%)->8M(40%)
[219.971s][info][gc] GC(70) Garbage Collection (Allocation Rate) 8M(40%)->8M(40%)
[220.071s][info][gc] GC(71) Garbage Collection (Allocation Rate) 8M(40%)->8M(40%)
[220.171s][info][gc] GC(72) Garbage Collection (Allocation Rate) 8M(40%)->8M(40%)
[220.265s][info][gc] GC(73) Garbage Collection (Allocation Rate) 8M(40%)->8M(40%)
[220.456s][info][gc] GC(74) Garbage Collection (Allocation Rate) 10M(50%)->8M(40%)
[220.584s][info][gc] GC(75) Garbage Collection (Allocation Rate) 8M(40%)->8M(40%)
[220.659s][info][gc] GC(76) Garbage Collection (Allocation Rate) 8M(40%)->8M(40%)
[220.763s][info][gc] GC(77) Garbage Collection (Allocation Rate) 8M(40%)->8M(40%)
[220.870s][info][gc] GC(78) Garbage Collection (Allocation Rate) 8M(40%)->8M(40%)
[220.976s][info][gc] GC(79) Garbage Collection (Allocation Rate) 8M(40%)->8M(40%)
[221.080s][info][gc] GC(80) Garbage Collection (Allocation Rate) 8M(40%)->8M(40%)
[221.180s][info][gc] GC(81) Garbage Collection (Allocation Rate) 8M(40%)->8M(40%)
[221.281s][info][gc] GC(82) Garbage Collection (Allocation Rate) 8M(40%)->8M(40%)
[223.322s][info][gc] GC(83) Garbage Collection (Proactive) 10M(50%)->10M(50%)
[230.001s][info][gc] GC(84) Garbage Collection (Proactive) 12M(60%)->10M(50%)
[236.489s][info][gc] GC(85) Garbage Collection (Proactive) 12M(60%)->12M(60%)
[250.574s][info][gc] GC(86) Garbage Collection (Proactive) 14M(70%)->10M(50%)
[254.276s][info][gc] GC(87) Garbage Collection (Proactive) 12M(60%)->10M(50%)
[257.073s][info][gc] GC(88) Garbage Collection (Proactive) 12M(60%)->10M(50%)
[259.271s][info][gc] GC(89) Garbage Collection (Proactive) 12M(60%)->10M(50%)
[261.215s][info][gc] GC(90) Garbage Collection (Proactive) 12M(60%)->10M(50%)
[267.073s][info][gc] GC(91) Garbage Collection (Proactive) 12M(60%)->10M(50%)
[271.586s][info][gc] GC(92) Garbage Collection (Proactive) 12M(60%)->12M(60%)
[282.669s][info][gc] GC(93) Garbage Collection (Proactive) 14M(70%)->10M(50%)
[285.679s][info][gc] GC(94) Garbage Collection (Proactive) 12M(60%)->12M(60%)
[297.685s][info][gc] GC(95) Garbage Collection (Proactive) 14M(70%)->12M(60%)
